/home/runner/work/SpringBoot/SpringBoot/src/main/java/com/ea/SpringBasic/libraries/RemoteWebDriverLibrary.java
/home/runner/work/SpringBoot/SpringBoot/src/main/java/com/ea/SpringBasic/models/UserDetails.java
/home/runner/work/SpringBoot/SpringBoot/src/main/java/com/ea/SpringBasic/libraries/WebDriverLibrary.java
/home/runner/work/SpringBoot/SpringBoot/src/main/java/com/ea/SpringBasic/Car.java
/home/runner/work/SpringBoot/SpringBoot/src/main/java/com/ea/SpringBasic/libraries/BrowserScopeConfig.java
/home/runner/work/SpringBoot/SpringBoot/src/main/java/com/ea/SpringBasic/annotation/PageScope.java
/home/runner/work/SpringBoot/SpringBoot/src/main/java/com/ea/SpringBasic/libraries/BrowserScope.java
/home/runner/work/SpringBoot/SpringBoot/src/main/java/com/ea/SpringBasic/models/TestUserDetails.java
/home/runner/work/SpringBoot/SpringBoot/src/main/java/com/ea/SpringBasic/libraries/BrowserScopePostProcessor.java
/home/runner/work/SpringBoot/SpringBoot/src/main/java/com/ea/SpringBasic/SpringBasicApplication.java
